Starting native ARM64 Steam on DISPLAY=:2
Log: /data/data/com.termux/files/home/steam-arm64/logs/steam-20260807-120133.log
proot warning: can't sanitize binding "/proc/self/fd/1": No such file or directory
proot warning: can't sanitize binding "/proc/self/fd/2": No such file or directory
CProcessEnvironmentManager is ready, 5 preallocated environment variables.
[2026-08-07 19:01:34] Startup - updater built Aug  6 2026 00:23:30
[2026-08-07 19:01:34] Startup - Steam Client launched with: '/data/data/com.termux/files/home/steam-arm64/client/steamrtarm64/steam' '-no-cef-sandbox'
08/07 19:01:34 minidumps folder is set to /tmp/dumps
08/07 19:01:34 Init: Installing breakpad exception handler for appid(steam)/version(0)/tid(10124)
Looks like steam didn't shutdown cleanly, scheduling immediate update check
CProcessEnvironmentManager is ready, 5 preallocated environment variables.
[2026-08-07 19:01:34] Loading cached metrics from disk (/data/data/com.termux/files/home/steam-arm64/client/package/steam_client_metrics.bin)
[2026-08-07 19:01:34] Process started with command-line: '/data/data/com.termux/files/home/steam-arm64/client/steamrtarm64/steam' '-child-update-ui' '-child-update-ui-socket' '9' '-no-cef-sandbox'
08/07 19:01:34 minidumps folder is set to /tmp/dumps
[2026-08-07 19:01:34] Failed to load cached hosts file (File 'update_hosts_cached.vdf' not found), using defaults
[2026-08-07 19:01:34] Using the following download hosts for Public, Realm steamglobal
[2026-08-07 19:01:34] 1. https://client-update.steamstatic.com, /, Realm 'steamglobal', weight was 1, source = 'baked in'
[2026-08-07 19:01:34] Checking for update on startup
ILocalize::AddFile() failed to load file "public/steambootstrapper_english.txt".
[2026-08-07 19:01:35] Checking for available update...
[2026-08-07 19:01:35] Downloading manifest: https://client-update.steamstatic.com/steam_client_linuxarm64
[2026-08-07 19:01:35] Manifest download: send request
[2026-08-07 19:01:34] Using update UI: console
08/07 19:01:35 Init: Installing breakpad exception handler for appid(steam)/version(0)/tid(10132)
[2026-08-07 19:01:35] Create window
[2026-08-07 19:01:35] Set percent complete: 0
[2026-08-07 19:01:35] Set status message: Checking for available update...
[  0%] Checking for available update...
[2026-08-07 19:01:35] Set percent complete: -1
[2026-08-07 19:01:35] Manifest download: waiting for download to finish
[2026-08-07 19:01:35] Manifest download: finished
[2026-08-07 19:01:35] Downloaded new manifest: /steam_client_linuxarm64 version 1785799196, installed version 0, existing pending version 0
[2026-08-07 19:01:35] Download Complete.
[2026-08-07 19:01:35] uninstalled manifest found in /data/data/com.termux/files/home/steam-arm64/client/package/steam_client_linuxarm64 (1).
[2026-08-07 19:01:35] Set status message: Download Complete.
[----] Download Complete.
[2026-08-07 19:01:35] Found pending update
[2026-08-07 19:01:35] Applying update...
[2026-08-07 19:01:35] Set percent complete: -1
[2026-08-07 19:01:35] Set status message: Applying update...
[----] Applying update...
[2026-08-07 19:01:36] Show window
[2026-08-07 19:01:44] Extracting package...
[2026-08-07 19:01:44] Set status message: Extracting package...
[----] Extracting package...
[----] Extracting package...
[----] Extracting package...
[----] Extracting package...
[----] Extracting package...
[----] Extracting package...
[----] Extracting package...
[----] Extracting package...
[----] Extracting package...
[----] Extracting package...
[----] Extracting package...
[----] Extracting package...
[----] Extracting package...
[----] Extracting package...
[----] Extracting package...
[----] Extracting package...
[----] Extracting package...
[----] Extracting package...
[----] Extracting package...
[----] Extracting package...
[----] Extracting package...
[----] Extracting package...
[----] Extracting package...
[----] Extracting package...
[----] Extracting package...
[----] Extracting package...
[----] Extracting package...
[----] Extracting package...
[----] Extracting package...
[----] Extracting package...
[----] Extracting package...
[----] Extracting package...
[----] Extracting package...
[----] Extracting package...
[----] Extracting package...
[2026-08-07 19:07:27] Installing update...
[2026-08-07 19:07:27] Set status message: Installing update...
[----] Installing update...
[----] Installing update...
[----] Installing update...
[----] Installing update...
[----] Installing update...
[----] Installing update...
[----] Installing update...
[----] Installing update...
[----] Installing update...
[----] Installing update...
[----] Installing update...
[----] Installing update...
[----] Installing update...
[----] Installing update...
[----] Installing update...
[----] Installing update...
[----] Installing update...
[----] Installing update...
[----] Installing update...
[----] Installing update...
[----] Installing update...
[----] Installing update...
[----] Installing update...
[----] Installing update...
[----] Installing update...
[----] Installing update...
[----] Installing update...
[----] Installing update...
[----] Installing update...
[----] Installing update...
[----] Installing update...
[----] Installing update...
[----] Installing update...
[----] Installing update...
[----] Installing update...
[----] Installing update...
[----] Installing update...
[----] Installing update...
[----] Installing update...
[----] Installing update...
[----] Installing update...
[----] Installing update...
[----] Installing update...
[----] Installing update...
[----] Installing update...
[----] Installing update...
[----] Installing update...
[----] Installing update...
[----] Installing update...
[----] Installing update...
[----] Installing update...
[----] Installing update...
[----] Installing update...
[----] Installing update...
[----] Installing update...
[----] Installing update...
[----] Installing update...
[----] Installing update...
[----] Installing update...
[----] Installing update...
[----] Installing update...
[----] Installing update...
[----] Installing update...
[----] Installing update...
[----] Installing update...
[----] Installing update...
[----] Installing update...
[----] Installing update...
[----] Installing update...
[----] Installing update...
[----] Installing update...
[----] Installing update...
[----] Installing update...
[----] Installing update...
[----] Installing update...
[----] Installing update...
[----] Installing update...
[----] Installing update...
[----] Installing update...
[----] Installing update...
[----] Installing update...
[----] Installing update...
[----] Installing update...
[----] Installing update...
[----] Installing update...
[----] Installing update...
[----] Installing update...
[----] Installing update...
[----] Installing update...
[----] Installing update...
[----] Installing update...
[----] Installing update...
[----] Installing update...
[----] Installing update...
[----] Installing update...
[----] Installing update...
[----] Installing update...
[----] Installing update...
[----] Installing update...
[----] Installing update...
[----] Installing update...
[----] Installing update...
[----] Installing update...
[----] Installing update...
[----] Installing update...
[----] Installing update...
[----] Installing update...
[----] Installing update...
[----] Installing update...
[----] Installing update...
[----] Installing update...
[----] Installing update...
[----] Installing update...
[----] Installing update...
[----] Installing update...
[----] Installing update...
[----] Installing update...
[----] Installing update...
[----] Installing update...
[----] Installing update...
[----] Installing update...
[----] Installing update...
[----] Installing update...
[----] Installing update...
[----] Installing update...
[----] Installing update...
[----] Installing update...
[----] Installing update...
[----] Installing update...
[----] Installing update...
[----] Installing update...
[----] Installing update...
[----] Installing update...
[----] Installing update...
[----] Installing update...
[----] Installing update...
[----] Installing update...
[----] Installing update...
[----] Installing update...
[----] Installing update...
[----] Installing update...
[----] Installing update...
[----] Installing update...
[----] Installing update...
[----] Installing update...
[----] Installing update...
[----] Installing update...
[----] Installing update...
[----] Installing update...
[----] Installing update...
[----] Installing update...
[----] Installing update...
[----] Installing update...
[----] Installing update...
[----] Installing update...
[----] Installing update...
[----] Installing update...
[----] Installing update...
[----] Installing update...
[----] Installing update...
[----] Installing update...
[----] Installing update...
[----] Installing update...
[----] Installing update...
[----] Installing update...
[----] Installing update...
[----] Installing update...
[----] Installing update...
[----] Installing update...
[----] Installing update...
[----] Installing update...
[----] Installing update...
[----] Installing update...
[----] Installing update...
[----] Installing update...
[----] Installing update...
[----] Installing update...
[----] Installing update...
[----] Installing update...
[----] Installing update...
[----] Installing update...
[----] Installing update...
[----] Installing update...
[----] Installing update...
[----] Installing update...
[----] Installing update...
[----] Installing update...
[----] Installing update...
[----] Installing update...
[----] Installing update...
[----] Installing update...
[----] Installing update...
[----] Installing update...
[----] Installing update...
[----] Installing update...
[----] Installing update...
[----] Installing update...
[----] Installing update...
[----] Installing update...
[----] Installing update...
[----] Installing update...
[----] Installing update...
[----] Installing update...
[----] Installing update...
[----] Installing update...
[----] Installing update...
[----] Installing update...
[----] Installing update...
[----] Installing update...
[----] Installing update...
[----] Installing update...
[----] Installing update...
[----] Installing update...
[----] Installing update...
[----] Installing update...
[----] Installing update...
[----] Installing update...
[----] Installing update...
[----] Installing update...
[----] Installing update...
[----] Installing update...
[----] Installing update...
[----] Installing update...
[----] Installing update...
[----] Installing update...
[----] Installing update...
[----] Installing update...
[----] Installing update...
[----] Installing update...
[----] Installing update...
[----] Installing update...
[----] Installing update...
[----] Installing update...
[----] Installing update...
[----] Installing update...
[----] Installing update...
[----] Installing update...
[----] Installing update...
[----] Installing update...
[----] Installing update...
[----] Installing update...
[----] Installing update...
[----] Installing update...
[----] Installing update...
[----] Installing update...
[----] Installing update...
[----] Installing update...
[----] Installing update...
[----] Installing update...
[----] Installing update...
[----] Installing update...
[----] Installing update...
[----] Installing update...
[----] Installing update...
[----] Installing update...
[----] Installing update...
[----] Installing update...
[----] Installing update...
[----] Installing update...
[----] Installing update...
[----] Installing update...
[----] Installing update...
[----] Installing update...
[----] Installing update...
[----] Installing update...
[----] Installing update...
[----] Installing update...
[----] Installing update...
[----] Installing update...
[----] Installing update...
[----] Installing update...
[----] Installing update...
[----] Installing update...
[----] Installing update...
[----] Installing update...
[----] Installing update...
[----] Installing update...
[----] Installing update...
[----] Installing update...
[----] Installing update...
[----] Installing update...
[----] Installing update...
[----] Installing update...
[----] Installing update...
[----] Installing update...
[----] Installing update...
[----] Installing update...
[----] Installing update...
[----] Installing update...
[----] Installing update...
[----] Installing update...
[----] Installing update...
[----] Installing update...
[----] Installing update...
[----] Installing update...
[----] Installing update...
[----] Installing update...
[----] Installing update...
[----] Installing update...
[----] Installing update...
[----] Installing update...
[----] Installing update...
[----] Installing update...
[----] Installing update...
[----] Installing update...
[----] Installing update...
[----] Installing update...
[----] Installing update...
[----] Installing update...
[----] Installing update...
[----] Installing update...
[----] Installing update...
[----] Installing update...
[----] Installing update...
[----] Installing update...
[----] Installing update...
[----] Installing update...
[----] Installing update...
[----] Installing update...
[----] Installing update...
[----] Installing update...
[----] Installing update...
[----] Installing update...
[----] Installing update...
[----] Installing update...
[----] Installing update...
[----] Installing update...
[----] Installing update...
[----] Installing update...
[----] Installing update...
[----] Installing update...
[----] Installing update...
[----] Installing update...
[----] Installing update...
[----] Installing update...
[----] Installing update...
[----] Installing update...
[----] Installing update...
[----] Installing update...
[----] Installing update...
[----] Installing update...
[----] Installing update...
[----] Installing update...
[----] Installing update...
[----] Installing update...
[----] Installing update...
[----] Installing update...
[----] Installing update...
[----] Installing update...
[----] Installing update...
[----] Installing update...
[----] Installing update...
[----] Installing update...
[----] Installing update...
[----] Installing update...
[----] Installing update...
[----] Installing update...
[----] Installing update...
[----] Installing update...
[----] Installing update...
[----] Installing update...
[----] Installing update...
[----] Installing update...
[----] Installing update...
[----] Installing update...
[----] Installing update...
[----] Installing update...
[----] Installing update...
[----] Installing update...
[----] Installing update...
[----] Installing update...
[----] Installing update...
[----] Installing update...
[----] Installing update...
[----] Installing update...
[----] Installing update...
[----] Installing update...
[----] Installing update...
[----] Installing update...
[----] Installing update...
[----] Installing update...
[----] Installing update...
[----] Installing update...
[----] Installing update...
[----] Installing update...
[----] Installing update...
[----] Installing update...
[----] Installing update...
[----] Installing update...
[----] Installing update...
[----] Installing update...
[----] Installing update...
[----] Installing update...
[----] Installing update...
[----] Installing update...
[----] Installing update...
[----] Installing update...
[----] Installing update...
[----] Installing update...
[----] Installing update...
[----] Installing update...
[----] Installing update...
[----] Installing update...
[----] Installing update...
[----] Installing update...
[----] Installing update...
[----] Installing update...
[----] Installing update...
[----] Installing update...
[----] Installing update...
[----] Installing update...
[----] Installing update...
[----] Installing update...
[----] Installing update...
[----] Installing update...
[----] Installing update...
[----] Installing update...
[----] Installing update...
[----] Installing update...
[----] Installing update...
[----] Installing update...
[----] Installing update...
[----] Installing update...
[----] Installing update...
[----] Installing update...
[----] Installing update...
[----] Installing update...
[----] Installing update...
[----] Installing update...
[----] Installing update...
[----] Installing update...
[----] Installing update...
[----] Installing update...
[----] Installing update...
[----] Installing update...
[----] Installing update...
[----] Installing update...
[----] Installing update...
[----] Installing update...
[----] Installing update...
[----] Installing update...
[----] Installing update...
[----] Installing update...
[----] Installing update...
[----] Installing update...
[----] Installing update...
[----] Installing update...
[----] Installing update...
[----] Installing update...
[----] Installing update...
[----] Installing update...
[----] Installing update...
[----] Installing update...
[----] Installing update...
[----] Installing update...
[----] Installing update...
[----] Installing update...
[----] Installing update...
[----] Installing update...
[----] Installing update...
[----] Installing update...
[----] Installing update...
[----] Installing update...
[----] Installing update...
[----] Installing update...
[----] Installing update...
[----] Installing update...
[----] Installing update...
[----] Installing update...
[----] Installing update...
[----] Installing update...
[----] Installing update...
[----] Installing update...
[----] Installing update...
[----] Installing update...
[----] Installing update...
[----] Installing update...
[----] Installing update...
[----] Installing update...
[----] Installing update...
[----] Installing update...
[----] Installing update...
[----] Installing update...
[----] Installing update...
[----] Installing update...
[----] Installing update...
[----] Installing update...
[----] Installing update...
[----] Installing update...
[----] Installing update...
[----] Installing update...
[----] Installing update...
[----] Installing update...
[----] Installing update...
[----] Installing update...
[----] Installing update...
[----] Installing update...
[----] Installing update...
[----] Installing update...
[----] Installing update...
[----] Installing update...
[----] Installing update...
[----] Installing update...
[----] Installing update...
[----] Installing update...
[----] Installing update...
[----] Installing update...
[----] Installing update...
[----] Installing update...
[----] Installing update...
[----] Installing update...
[----] Installing update...
[----] Installing update...
[----] Installing update...
[----] Installing update...
[----] Installing update...
[----] Installing update...
[----] Installing update...
[----] Installing update...
[----] Installing update...
[----] Installing update...
[----] Installing update...
[----] Installing update...
[----] Installing update...
[----] Installing update...
[----] Installing update...
[----] Installing update...
[----] Installing update...
[----] Installing update...
[----] Installing update...
[----] Installing update...
[----] Installing update...
[----] Installing update...
[----] Installing update...
[----] Installing update...
[----] Installing update...
[----] Installing update...
[----] Installing update...
[----] Installing update...
[----] Installing update...
[----] Installing update...
[----] Installing update...
[----] Installing update...
[----] Installing update...
[----] Installing update...
[----] Installing update...
[----] Installing update...
[----] Installing update...
[----] Installing update...
[----] Installing update...
[----] Installing update...
[----] Installing update...
[----] Installing update...
[----] Installing update...
[----] Installing update...
[----] Installing update...
[----] Installing update...
[----] Installing update...
[----] Installing update...
[----] Installing update...
[----] Installing update...
[----] Installing update...
[----] Installing update...
[----] Installing update...
[----] Installing update...
[----] Installing update...
[----] Installing update...
[----] Installing update...
[----] Installing update...
[----] Installing update...
[----] Installing update...
[----] Installing update...
[----] Installing update...
[----] Installing update...
[----] Installing update...
[----] Installing update...
[----] Installing update...
[----] Installing update...
[----] Installing update...
[----] Installing update...
[----] Installing update...
[----] Installing update...
[----] Installing update...
[----] Installing update...
[----] Installing update...
[----] Installing update...
[----] Installing update...
[----] Installing update...
[----] Installing update...
[----] Installing update...
[----] Installing update...
[----] Installing update...
[----] Installing update...
[----] Installing update...
[----] Installing update...
[----] Installing update...
[----] Installing update...
[----] Installing update...
[----] Installing update...
[----] Installing update...
[----] Installing update...
[----] Installing update...
[----] Installing update...
[----] Installing update...
[----] Installing update...
[----] Installing update...
[----] Installing update...
[----] Installing update...
[----] Installing update...
[----] Installing update...
[----] Installing update...
[----] Installing update...
[----] Installing update...
[----] Installing update...
[----] Installing update...
[----] Installing update...
[----] Installing update...
[----] Installing update...
[----] Installing update...
[----] Installing update...
[----] Installing update...
[----] Installing update...
[----] Installing update...
[----] Installing update...
[----] Installing update...
[----] Installing update...
[----] Installing update...
[----] Installing update...
[----] Installing update...
[----] Installing update...
[----] Installing update...
[----] Installing update...
[----] Installing update...
[----] Installing update...
[----] Installing update...
[----] Installing update...
[----] Installing update...
[----] Installing update...
[----] Installing update...
[----] Installing update...
[----] Installing update...
[----] Installing update...
[----] Installing update...
[----] Installing update...
[----] Installing update...
[----] Installing update...
[----] Installing update...
[----] Installing update...
[----] Installing update...
[----] Installing update...
[----] Installing update...
[----] Installing update...
[----] Installing update...
[----] Installing update...
[----] Installing update...
[----] Installing update...
[----] Installing update...
[----] Installing update...
[----] Installing update...
[----] Installing update...
[----] Installing update...
[----] Installing update...
[----] Installing update...
[----] Installing update...
[----] Installing update...
[----] Installing update...
[----] Installing update...
[----] Installing update...
[----] Installing update...
[----] Installing update...
[----] Installing update...
[----] Installing update...
[----] Installing update...
[----] Installing update...
[----] Installing update...
[----] Installing update...
[----] Installing update...
[----] Installing update...
[----] Installing update...
[----] Installing update...
[----] Installing update...
[----] Installing update...
[----] Installing update...
[----] Installing update...
[----] Installing update...
[----] Installing update...
[----] Installing update...
[----] Installing update...
[----] Installing update...
[----] Installing update...
[----] Installing update...
[----] Installing update...
[----] Installing update...
[----] Installing update...
[----] Installing update...
[----] Installing update...
[----] Installing update...
[----] Installing update...
[----] Installing update...
[----] Installing update...
[----] Installing update...
[----] Installing update...
[----] Installing update...
[----] Installing update...
[----] Installing update...
[----] Installing update...
[----] Installing update...
[----] Installing update...
[----] Installing update...
[----] Installing update...
[----] Installing update...
[----] Installing update...
[----] Installing update...
[----] Installing update...
[----] Installing update...
[----] Installing update...
[----] Installing update...
[----] Installing update...
[----] Installing update...
[----] Installing update...
[----] Installing update...
[----] Installing update...
[----] Installing update...
[----] Installing update...
[----] Installing update...
[----] Installing update...
[----] Installing update...
[----] Installing update...
[----] Installing update...
[----] Installing update...
[----] Installing update...
[----] Installing update...
[----] Installing update...
[----] Installing update...
[----] Installing update...
[----] Installing update...
[----] Installing update...
[----] Installing update...
[----] Installing update...
[----] Installing update...
[----] Installing update...
[----] Installing update...
[----] Installing update...
[----] Installing update...
[----] Installing update...
[----] Installing update...
[----] Installing update...
[----] Installing update...
[----] Installing update...
[----] Installing update...
[----] Installing update...
[----] Installing update...
[----] Installing update...
[----] Installing update...
[----] Installing update...
[----] Installing update...
[----] Installing update...
[----] Installing update...
[----] Installing update...
[----] Installing update...
[----] Installing update...
[----] Installing update...
[----] Installing update...
[----] Installing update...
[----] Installing update...
[----] Installing update...
[----] Installing update...
[----] Installing update...
[----] Installing update...
[----] Installing update...
[----] Installing update...
[----] Installing update...
[----] Installing update...
[----] Installing update...
[----] Installing update...
[----] Installing update...
[----] Installing update...
[----] Installing update...
[----] Installing update...
[----] Installing update...
[----] Installing update...
[----] Installing update...
[----] Installing update...
[----] Installing update...
[----] Installing update...
[----] Installing update...
[----] Installing update...
[----] Installing update...
[----] Installing update...
[----] Installing update...
[----] Installing update...
[----] Installing update...
[----] Installing update...
[----] Installing update...
[----] Installing update...
[----] Installing update...
[----] Installing update...
[----] Installing update...
[----] Installing update...
[----] Installing update...
[----] Installing update...
[----] Installing update...
[----] Installing update...
[----] Installing update...
[----] Installing update...
[----] Installing update...
[----] Installing update...
[----] Installing update...
[----] Installing update...
[----] Installing update...
[----] Installing update...
[----] Installing update...
[----] Installing update...
[----] Installing update...
[----] Installing update...
[----] Installing update...
[----] Installing update...
[----] Installing update...
[2026-08-07 19:11:19] Cleaning up...
[2026-08-07 19:11:19] Set status message: Cleaning up...
[----] Cleaning up...
[2026-08-07 19:11:26] Update complete, launching...
UpdateUI: skip show logo
[2026-08-07 19:11:26] Shutdown
[2026-08-07 19:11:26] Set status message: Update complete, launching...
[----] Update complete, launching...
[2026-08-07 19:11:26] ProcessNextMessage: socket disconnected
[2026-08-07 19:11:26] No more messages are expected - exiting
