Patched /data/data/com.termux/files/home/steam-arm64/client/steamui/chunk~2dcc5aaf7.js (backup: /data/data/com.termux/files/home/steam-arm64/backups/chunk~2dcc5aaf7.js.pre-network-guard)
Starting native ARM64 Steam on DISPLAY=:0
Log: /data/data/com.termux/files/home/steam-arm64/logs/steam-20260807-162703.log
CProcessEnvironmentManager is ready, 5 preallocated environment variables.
[2026-08-07 23:27:04] Startup - updater built Aug  3 2026 19:41:13
[2026-08-07 23:27:04] Startup - Steam Client launched with: '/data/data/com.termux/files/home/steam-arm64/client/steamrtarm64/steam' '-no-cef-sandbox' '-cef-disable-gpu' '-noverifyfiles'
08/07 23:27:04 minidumps folder is set to /tmp/dumps
08/07 23:27:04 Init: Installing breakpad exception handler for appid(steam)/version(1785799196)/tid(3839)
Looks like steam didn't shutdown cleanly, scheduling immediate update check
CProcessEnvironmentManager is ready, 5 preallocated environment variables.
[2026-08-07 23:27:04] Process started with command-line: '/data/data/com.termux/files/home/steam-arm64/client/steamrtarm64/steam' '-child-update-ui' '-child-update-ui-socket' '10' '-no-cef-sandbox' '-cef-disable-gpu' '-noverifyfiles'
[2026-08-07 23:27:05] Loading cached metrics from disk (/data/data/com.termux/files/home/steam-arm64/client/package/steam_client_metrics.bin)
08/07 23:27:05 minidumps folder is set to /tmp/dumps
[2026-08-07 23:27:05] Using the following download hosts for Public, Realm steamglobal
[2026-08-07 23:27:05] 1. https://client-update.fastly.steamstatic.com, /, Realm 'steamglobal', weight was 900, source = 'update_hosts_cached.vdf'
[2026-08-07 23:27:05] 2. https://client-update.akamai.steamstatic.com, /, Realm 'steamglobal', weight was 400, source = 'update_hosts_cached.vdf'
[2026-08-07 23:27:05] 3. https://client-update.steamstatic.com, /, Realm 'steamglobal', weight was 1, source = 'baked in'
[2026-08-07 23:27:05] Checking for update on startup
[2026-08-07 23:27:05] Checking for available updates...
[2026-08-07 23:27:05] Downloading manifest: https://client-update.fastly.steamstatic.com/steam_client_linuxarm64
[2026-08-07 23:27:05] Manifest download: send request
[2026-08-07 23:27:04] Using update UI: console
08/07 23:27:05 Init: Installing breakpad exception handler for appid(steam)/version(0)/tid(3872)
[2026-08-07 23:27:05] Create window
[2026-08-07 23:27:05] Set percent complete: 0
[2026-08-07 23:27:05] Set status message: Checking for available updates...
[  0%] Checking for available updates...
[2026-08-07 23:27:05] Set percent complete: -1
[2026-08-07 23:27:05] Manifest download: waiting for download to finish
[2026-08-07 23:27:05] Manifest download: finished
[2026-08-07 23:27:05] Download skipped: /steam_client_linuxarm64 version 1785799196, installed version 1785799196, existing pending version 0
[2026-08-07 23:27:05] Nothing to do
[2026-08-07 23:27:05] Verifying installation...
[2026-08-07 23:27:05] Verification skipped
[2026-08-07 23:27:05] Verification complete
UpdateUI: skip show logo
[2026-08-07 23:27:05] Set percent complete: -1
[2026-08-07 23:27:05] Set status message: Verifying installation...
[----] Verifying installation...
[2026-08-07 23:27:05] Destroy window

Steam logging initialized: directory: /data/data/com.termux/files/home/steam-arm64/client/logs

[2026-08-07 23:27:06] ProcessNextMessage: socket disconnected
[2026-08-07 23:27:06] No more messages are expected - exiting
XOpenIM() failed, LANG = C.UTF-8
XOpenIM() failed, LANG = C.UTF-8sh: 1: lspci: Operation not permitted
XRRGetOutputInfo Workaround: initialized with override: 0 real: (nil)
Error: XRRGetOutputInfo() is not available
MESA-LOADER: failed to retrieve device information
os_same_file_description couldn't determine if two DRM fds reference the same file description. (Function not implemented)
Let's just assume that file descriptors for the same file probablyshare the file description instead. This may cause problems whenthat isn't the case.
08/07 23:27:07 minidumps folder is set to /tmp/dumps
08/07 23:27:07 Init: Installing breakpad exception handler for appid(steamsysinfo)/version(1785799196)/tid(3902)
Running query: 1 - GpuTopology
Response: gpu_topology {
  gpus {
    id: 1
    name: "Turnip Adreno (TM) 730"
    vram_size_bytes: 5734662144
    driver_id: k_EGpuDriverId_MesaTurnip
    driver_version_major: 26
    driver_version_minor: 1
    driver_version_patch: 99
    luid: 0
  }
  default_gpu_id: 1
}

Exit code: 0
Saving response to: /tmp/steamCPgHaj - 48 bytes
sh: 1: lspci: Operation not permitted
Error: XRRGetOutputInfo() is not available
MESA-LOADER: failed to retrieve device information
setting LIBGL_KOPPER_DISABLE=true for steamwebhelper to get store working properly
MESA-LOADER: failed to retrieve device information
Steam Runtime Launch Service: starting steam-runtime-launcher-service
Steam Runtime Launch Service: steam-runtime-launcher-service is running pid 3980
sh: 1: exec: steam-runtime-launcher-service: not found
DetectUsbEntities: udev_enumerate_scan_devices failed

DetectUsbEntities: udev_enumerate_scan_devices failed
MESA-LOADER: failed to retrieve device information
Steam Runtime Launch Service: steam-runtime-launcher-service pid 3980 exited
Steam Runtime Launch Service: steam-runtime-launcher-service possible problem, disabling
/bin/sh: 1: /data/data/com.termux/files/home/steam-arm64/client/steamrtarm64/../steamrtarm32/gldriverquery: not found
/bin/sh: 1: /data/data/com.termux/files/home/steam-arm64/client/steamrtarm64/../steamrtarm32/vulkandriverquery: not found
DetectUsbEntities: udev_enumerate_scan_devices failed

DetectUsbEntities: udev_enumerate_scan_devices failed
reaping pid: 3871 -- sh
Unable to read VR Path Registry from /root/steam-arm/.config/openvr/openvrpaths.vrpath
Desktop state changed: desktop: { pos:    0,   0 size: 2800,1586 } primary: { pos:    0,   0 size: 2800,1586 }
Caching cursor image for , size 24x24, serial 217, cache size = 0
MESA-LOADER: failed to retrieve device information
sh: 1: lsb_release: not found
sh: 1: lspci: Operation not permitted
Error: XRRGetOutputInfo() is not available
MESA-LOADER: failed to retrieve device information
sh: 1: lsb_release: not found
[2026-08-07 23:29:14] Background update loop checking for update. . .
[2026-08-07 23:29:14] Checking for available updates...
[2026-08-07 23:29:14] Downloading manifest: https://client-update.fastly.steamstatic.com/steam_client_linuxarm64
[2026-08-07 23:29:14] Manifest download: send request
[2026-08-07 23:29:14] Manifest download: waiting for download to finish
[2026-08-07 23:29:17] Manifest download: finished
[2026-08-07 23:29:17] Download skipped by HTTP 304 Not Modified
[2026-08-07 23:29:17] Nothing to do
src/common/pipes.cpp (241) : !"Emptying callback queue because client didn't process them in a timely manner"
src/common/pipes.cpp (241) : !"Emptying callback queue because client didn't process them in a timely manner"
src/common/pipes.cpp (241) : !"Emptying callback queue because client didn't process them in a timely manner"
src/common/pipes.cpp (241) : !"Emptying callback queue because client didn't process them in a timely manner"
proot info: vpid 1: terminated with signal 9
