proot warning: can't sanitize binding "/proc/self/fd/0": No such file or directory
proot warning: can't sanitize binding "/proc/self/fd/1": No such file or directory
proot warning: can't sanitize binding "/proc/self/fd/2": No such file or directory
CProcessEnvironmentManager is ready, 5 preallocated environment variables.
[2026-08-07 18:53:15] Startup - updater built Aug  6 2026 00:23:30
[2026-08-07 18:53:15] Startup - Steam Client launched with: '/data/data/com.termux/files/home/steam-arm64/client/steamrtarm64/steam' '-no-cef-sandbox' '-console'
08/07 18:53:15 minidumps folder is set to /tmp/dumps
08/07 18:53:15 Init: Installing breakpad exception handler for appid(steam)/version(0)/tid(6068)
CProcessEnvironmentManager is ready, 5 preallocated environment variables.
[2026-08-07 18:53:15] Process started with command-line: '/data/data/com.termux/files/home/steam-arm64/client/steamrtarm64/steam' '-child-update-ui' '-child-update-ui-socket' '9' '-no-cef-sandbox' '-console'
08/07 18:53:15 minidumps folder is set to /tmp/dumps
[2026-08-07 18:53:15] Using update UI: console
08/07 18:53:16 Init: Installing breakpad exception handler for appid(steam)/version(0)/tid(6070)
[2026-08-07 18:53:16] Create window
[2026-08-07 18:53:16] Failed to load cached hosts file (File 'update_hosts_cached.vdf' not found), using defaults
[2026-08-07 18:53:16] Using the following download hosts for Public, Realm steamglobal
[2026-08-07 18:53:16] 1. https://client-update.steamstatic.com, /, Realm 'steamglobal', weight was 1, source = 'baked in'
[2026-08-07 18:53:16] Set percent complete: 0
[2026-08-07 18:53:16] Set percent complete: -1
ILocalize::AddFile() failed to load file "public/steambootstrapper_english.txt".
[2026-08-07 18:53:16] Verifying installation...
[2026-08-07 18:53:16] Verifying file sizes only
[2026-08-07 18:53:16] Set status message: Verifying installation...
[----] Verifying installation...
[2026-08-07 18:53:16] Unable to read and verify install manifest /data/data/com.termux/files/home/steam-arm64/client/package/steam_client_linuxarm64.installed
[2026-08-07 18:53:16] Verification complete
[2026-08-07 18:53:16] Downloading Update...
[2026-08-07 18:53:16] Set percent complete: 0
[2026-08-07 18:53:16] Set status message: Downloading Update...
[  0%] Downloading Update...
[2026-08-07 18:53:16] Checking for available update...
[2026-08-07 18:53:16] Downloading manifest: https://client-update.steamstatic.com/steam_client_linuxarm64
[2026-08-07 18:53:16] Manifest download: send request
[2026-08-07 18:53:16] Set status message: Checking for available update...
[  0%] Checking for available update...
[2026-08-07 18:53:16] Set percent complete: -1
[2026-08-07 18:53:16] Manifest download: waiting for download to finish
[2026-08-07 18:53:16] Manifest download: finished
[2026-08-07 18:53:16] Downloaded new manifest: /steam_client_linuxarm64 version 1785799196, installed version 0, existing pending version 0
[2026-08-07 18:53:16] Package file tenfoot_images_all.zip.vz.193cb8c4eb4446698ea2c0a9e8c4e6b6a623dac7_5572671 missing or incorrect size
[2026-08-07 18:53:16] Package file steamui_websrc_all.zip.vz.00a2907dd048717bc6cb8992fe83b0de78050e38_26736119 missing or incorrect size
[2026-08-07 18:53:16] Package file resources_misc_all.zip.vz.e86a975545f3ab21a77373870cb311ef93934b8c_2224876 missing or incorrect size
[2026-08-07 18:53:16] Package file resources_hidpi_all.zip.vz.3de815c3117712cb9eeb7ea4c8b275faf481dcfd_56342 missing or incorrect size
[2026-08-07 18:53:16] Package file resources_all.zip.vz.ef4c575e0ebeda2c391b9e56182d51ce688f222e_3488108 missing or incorrect size
[2026-08-07 18:53:16] Package file strings_en_all.zip.071a3f6839c3b8d574731101f2862d5ed72ab2e4 missing or incorrect size
[2026-08-07 18:53:16] Package file strings_all.zip.vz.399306b0e668b317f9737adc485206ce78b445b8_2078592 missing or incorrect size
[2026-08-07 18:53:16] Package file public_all.zip.vz.6ce7bafc2d2a23a24a450f182c89fdda6cbc3628_24187846 missing or incorrect size
[2026-08-07 18:53:16] Package file bins_hardware_all.zip.vz.cc3097cc44993afd4e3c602ce5e768379dd6b91b_300199 missing or incorrect size
[2026-08-07 18:53:16] Package file steamui_websrc_sounds_all.zip.vz.5ba6acd8f4dfe4b93437895b20344fab5bb3ff96_3714779 missing or incorrect size
[2026-08-07 18:53:16] Package file steamui_websrc_movies_all.zip.fd1834bd9e99e82f4672e0bd4cab33edb648cbe0 missing or incorrect size
[2026-08-07 18:53:16] Package file bins_linuxarm64.zip.vz.00f9e9d93fea3be125051e708178542895f06bab_40664535 missing or incorrect size
[2026-08-07 18:53:16] Package file bins_sdk_linuxarm64.zip.vz.12bfa43f79222e1f2a4bad0ea127ffe7aca115c7_23425236 missing or incorrect size
[2026-08-07 18:53:16] Package file bins_codecs_linuxarm64.zip.vz.0eb6524c2883cfa2b65268f4b88fe91f59bf6175_12863151 missing or incorrect size
[2026-08-07 18:53:16] Package file bins_misc_linuxarm64.zip.vz.e4279714cf1934b2e88a0d548572e2446509096d_19664557 missing or incorrect size
[2026-08-07 18:53:16] Package file bins_hardware_linuxarm64.zip.da8814f3cc3788fd3789ce233dd86f107b2b244a missing or incorrect size
[2026-08-07 18:53:16] Package file webkit_linuxarm64.zip.vz.7c946c15bd23f1780cdf203005d587560ebb4a35_89727594 missing or incorrect size
[2026-08-07 18:53:17] Package file miles_linuxarm64.zip.vz.5093ef941e6e5195a60ab3259077694dec994016_295496 missing or incorrect size
[2026-08-07 18:53:17] Package file sdl3_linuxarm64.zip.vz.41ce9175cf38af9cd7178b742126ac1b20179821_11412960 missing or incorrect size
[2026-08-07 18:53:17] Package file steam_linuxarm64.zip.vz.90b02e5bfff2c4f7361c1a5e6414a6c5a3573988_3384183 missing or incorrect size
[2026-08-07 18:53:17] Package file runtime_scout_linuxarm64.zip.9c345a0b642bfdac990fff6930b6d555143ce635 missing or incorrect size
[2026-08-07 18:53:17] Package file runtime_steamrt_linuxarm64.zip.vz.6024a1aa030355a7320f45a0676112fd862d88ac_79533363 missing or incorrect size
[2026-08-07 18:53:17] Package file bins_steamrt_linuxarm64.zip.vz.7d7bfed5589d58df8249319ba84eae0ec9bb257b_60587122 missing or incorrect size
[2026-08-07 18:53:17] Package file bins_codecs_steamrt_linuxarm64.zip.vz.6f91700da7ce0edfccdfbdcbf631875d33c63d73_16015708 missing or incorrect size
[2026-08-07 18:53:17] Package file bins_misc_steamrt_linuxarm64.zip.vz.0ae48da2d448342e71c8ed1eae81b07cb30a0b28_788129 missing or incorrect size
[2026-08-07 18:53:17] Package file webkit_steamrt_linuxarm64.zip.c6b5282a313a4ba1558fb9c53c905d283645b590 missing or incorrect size
[2026-08-07 18:53:17] Package file sdl3_steamrt_linuxarm64.zip.c79773f2ff09565c0c80308f270971156958648c missing or incorrect size
[2026-08-07 18:53:17] Package file steam_steamrt_linuxarm64.zip.vz.828656b9e435ee57354659d2cb924dd0af5aec3f_3588568 missing or incorrect size
[2026-08-07 18:53:17] Package file webkit_linuxarm64_linuxarm64.zip.vz.da37a055bb3bd1aa866963aa84df5d1db51383e3_73761988 missing or incorrect size
[2026-08-07 18:53:17] Package file sdl3_linuxarm64_linuxarm64.zip.vz.fa8978fc5ed7d2df364b3a5703be06d638fbdef7_6818414 missing or incorrect size
[2026-08-07 18:53:17] Package file codecs_linuxarm64_linuxarm64.zip.vz.88f71d4ddb82e829d057a9ab18af01d36204237d_5759374 missing or incorrect size
[2026-08-07 18:53:17] Package file bins_linuxarm64_linuxarm64.zip.vz.11771d05f91515ca5337eeb9baf835098df71d3a_60815678 missing or incorrect size
[2026-08-07 18:53:17] Package file bins_sdk_linuxarm64_linuxarm64.zip.vz.64921cc0d9226d8a9e05dddbdafd1cc8899e1ce0_9936778 missing or incorrect size
[2026-08-07 18:53:17] Package file bins_androidarm64_linuxarm64.zip.vz.87d623fcd3b0f2d46d68c975d556c760859a9d0a_8805382 missing or incorrect size
[2026-08-07 18:53:17] Package file resource_linuxarm64_linuxarm64.zip.6e5691ac5a1a55a554250468a98c3f8e454fea4a missing or incorrect size
[2026-08-07 18:53:17] Add pending download: https://client-update.steamstatic.com/tenfoot_images_all.zip.vz.193cb8c4eb4446698ea2c0a9e8c4e6b6a623dac7_5572671
[2026-08-07 18:53:17] Manifest download: send request
[2026-08-07 18:53:17] Add pending download: https://client-update.steamstatic.com/steamui_websrc_all.zip.vz.00a2907dd048717bc6cb8992fe83b0de78050e38_26736119
[2026-08-07 18:53:17] Manifest download: send request
[2026-08-07 18:53:17] Add pending download: https://client-update.steamstatic.com/resources_misc_all.zip.vz.e86a975545f3ab21a77373870cb311ef93934b8c_2224876
[2026-08-07 18:53:17] Manifest download: send request
[2026-08-07 18:53:17] Add pending download: https://client-update.steamstatic.com/resources_hidpi_all.zip.vz.3de815c3117712cb9eeb7ea4c8b275faf481dcfd_56342
[2026-08-07 18:53:17] Manifest download: send request
[2026-08-07 18:53:17] Add pending download: https://client-update.steamstatic.com/resources_all.zip.vz.ef4c575e0ebeda2c391b9e56182d51ce688f222e_3488108
[2026-08-07 18:53:17] Manifest download: send request
[2026-08-07 18:53:17] Add pending download: https://client-update.steamstatic.com/strings_en_all.zip.071a3f6839c3b8d574731101f2862d5ed72ab2e4
[2026-08-07 18:53:17] Manifest download: send request
[2026-08-07 18:53:17] Add pending download: https://client-update.steamstatic.com/strings_all.zip.vz.399306b0e668b317f9737adc485206ce78b445b8_2078592
[2026-08-07 18:53:17] Manifest download: send request
[2026-08-07 18:53:17] Add pending download: https://client-update.steamstatic.com/public_all.zip.vz.6ce7bafc2d2a23a24a450f182c89fdda6cbc3628_24187846
[2026-08-07 18:53:17] Manifest download: send request
[2026-08-07 18:53:17] Add pending download: https://client-update.steamstatic.com/bins_hardware_all.zip.vz.cc3097cc44993afd4e3c602ce5e768379dd6b91b_300199
[2026-08-07 18:53:17] Manifest download: send request
[2026-08-07 18:53:17] Add pending download: https://client-update.steamstatic.com/steamui_websrc_sounds_all.zip.vz.5ba6acd8f4dfe4b93437895b20344fab5bb3ff96_3714779
[2026-08-07 18:53:17] Manifest download: send request
[2026-08-07 18:53:17] Add pending download: https://client-update.steamstatic.com/steamui_websrc_movies_all.zip.fd1834bd9e99e82f4672e0bd4cab33edb648cbe0
[2026-08-07 18:53:17] Manifest download: send request
[2026-08-07 18:53:17] Add pending download: https://client-update.steamstatic.com/bins_linuxarm64.zip.vz.00f9e9d93fea3be125051e708178542895f06bab_40664535
[2026-08-07 18:53:17] Manifest download: send request
[2026-08-07 18:53:17] Add pending download: https://client-update.steamstatic.com/bins_sdk_linuxarm64.zip.vz.12bfa43f79222e1f2a4bad0ea127ffe7aca115c7_23425236
[2026-08-07 18:53:17] Manifest download: send request
[2026-08-07 18:53:18] Add pending download: https://client-update.steamstatic.com/bins_codecs_linuxarm64.zip.vz.0eb6524c2883cfa2b65268f4b88fe91f59bf6175_12863151
[2026-08-07 18:53:18] Manifest download: send request
[2026-08-07 18:53:18] Add pending download: https://client-update.steamstatic.com/bins_misc_linuxarm64.zip.vz.e4279714cf1934b2e88a0d548572e2446509096d_19664557
[2026-08-07 18:53:18] Manifest download: send request
[2026-08-07 18:53:18] Show window
[2026-08-07 18:53:18] Add pending download: https://client-update.steamstatic.com/bins_hardware_linuxarm64.zip.da8814f3cc3788fd3789ce233dd86f107b2b244a
[2026-08-07 18:53:18] Manifest download: send request
[2026-08-07 18:53:18] Add pending download: https://client-update.steamstatic.com/webkit_linuxarm64.zip.vz.7c946c15bd23f1780cdf203005d587560ebb4a35_89727594
[2026-08-07 18:53:18] Manifest download: send request
[2026-08-07 18:53:18] Add pending download: https://client-update.steamstatic.com/miles_linuxarm64.zip.vz.5093ef941e6e5195a60ab3259077694dec994016_295496
[2026-08-07 18:53:18] Manifest download: send request
[2026-08-07 18:53:18] Add pending download: https://client-update.steamstatic.com/sdl3_linuxarm64.zip.vz.41ce9175cf38af9cd7178b742126ac1b20179821_11412960
[2026-08-07 18:53:18] Manifest download: send request
[2026-08-07 18:53:18] Add pending download: https://client-update.steamstatic.com/steam_linuxarm64.zip.vz.90b02e5bfff2c4f7361c1a5e6414a6c5a3573988_3384183
[2026-08-07 18:53:18] Manifest download: send request
[2026-08-07 18:53:18] Add pending download: https://client-update.steamstatic.com/runtime_scout_linuxarm64.zip.9c345a0b642bfdac990fff6930b6d555143ce635
[2026-08-07 18:53:18] Manifest download: send request
[2026-08-07 18:53:18] Add pending download: https://client-update.steamstatic.com/runtime_steamrt_linuxarm64.zip.vz.6024a1aa030355a7320f45a0676112fd862d88ac_79533363
[2026-08-07 18:53:18] Manifest download: send request
[2026-08-07 18:53:18] Add pending download: https://client-update.steamstatic.com/bins_steamrt_linuxarm64.zip.vz.7d7bfed5589d58df8249319ba84eae0ec9bb257b_60587122
[2026-08-07 18:53:18] Manifest download: send request
[2026-08-07 18:53:18] Add pending download: https://client-update.steamstatic.com/bins_codecs_steamrt_linuxarm64.zip.vz.6f91700da7ce0edfccdfbdcbf631875d33c63d73_16015708
[2026-08-07 18:53:18] Manifest download: send request
[2026-08-07 18:53:18] Add pending download: https://client-update.steamstatic.com/bins_misc_steamrt_linuxarm64.zip.vz.0ae48da2d448342e71c8ed1eae81b07cb30a0b28_788129
[2026-08-07 18:53:18] Manifest download: send request
[2026-08-07 18:53:18] Add pending download: https://client-update.steamstatic.com/webkit_steamrt_linuxarm64.zip.c6b5282a313a4ba1558fb9c53c905d283645b590
[2026-08-07 18:53:18] Manifest download: send request
[2026-08-07 18:53:18] Add pending download: https://client-update.steamstatic.com/sdl3_steamrt_linuxarm64.zip.c79773f2ff09565c0c80308f270971156958648c
[2026-08-07 18:53:18] Manifest download: send request
[2026-08-07 18:53:18] Add pending download: https://client-update.steamstatic.com/steam_steamrt_linuxarm64.zip.vz.828656b9e435ee57354659d2cb924dd0af5aec3f_3588568
[2026-08-07 18:53:18] Manifest download: send request
[2026-08-07 18:53:18] Add pending download: https://client-update.steamstatic.com/webkit_linuxarm64_linuxarm64.zip.vz.da37a055bb3bd1aa866963aa84df5d1db51383e3_73761988
[2026-08-07 18:53:18] Manifest download: send request
[2026-08-07 18:53:18] Add pending download: https://client-update.steamstatic.com/sdl3_linuxarm64_linuxarm64.zip.vz.fa8978fc5ed7d2df364b3a5703be06d638fbdef7_6818414
[2026-08-07 18:53:18] Manifest download: send request
[2026-08-07 18:53:18] Add pending download: https://client-update.steamstatic.com/codecs_linuxarm64_linuxarm64.zip.vz.88f71d4ddb82e829d057a9ab18af01d36204237d_5759374
[2026-08-07 18:53:18] Manifest download: send request
[2026-08-07 18:53:18] Add pending download: https://client-update.steamstatic.com/bins_linuxarm64_linuxarm64.zip.vz.11771d05f91515ca5337eeb9baf835098df71d3a_60815678
[2026-08-07 18:53:18] Manifest download: send request
[2026-08-07 18:53:18] Add pending download: https://client-update.steamstatic.com/bins_sdk_linuxarm64_linuxarm64.zip.vz.64921cc0d9226d8a9e05dddbdafd1cc8899e1ce0_9936778
[2026-08-07 18:53:18] Manifest download: send request
[2026-08-07 18:53:18] Add pending download: https://client-update.steamstatic.com/bins_androidarm64_linuxarm64.zip.vz.87d623fcd3b0f2d46d68c975d556c760859a9d0a_8805382
[2026-08-07 18:53:18] Manifest download: send request
[2026-08-07 18:53:18] Add pending download: https://client-update.steamstatic.com/resource_linuxarm64_linuxarm64.zip.6e5691ac5a1a55a554250468a98c3f8e454fea4a
[2026-08-07 18:53:18] Manifest download: send request
[2026-08-07 18:53:18] Downloading update (20,960 of 664,432 KB)...
[2026-08-07 18:53:18] Set status message: Downloading update (20,960 of 664,432 KB)...
[----] Downloading update (20,960 of 664,432 KB)...
[2026-08-07 18:53:18] Set percent complete: 3
[2026-08-07 18:53:19] Downloading update (32,238 of 664,432 KB)...
[2026-08-07 18:53:19] Set status message: Downloading update (32,238 of 664,432 KB)...
[  3%] Downloading update (32,238 of 664,432 KB)...
[2026-08-07 18:53:19] Set percent complete: 4
[2026-08-07 18:53:19] Downloading update (39,629 of 664,432 KB)...
[2026-08-07 18:53:19] Set status message: Downloading update (39,629 of 664,432 KB)...
[  4%] Downloading update (39,629 of 664,432 KB)...
[2026-08-07 18:53:19] Set percent complete: 5
[2026-08-07 18:53:19] Downloading update (46,770 of 664,432 KB)...
[2026-08-07 18:53:19] Set status message: Downloading update (46,770 of 664,432 KB)...
[  5%] Downloading update (46,770 of 664,432 KB)...
[2026-08-07 18:53:19] Set percent complete: 7
[2026-08-07 18:53:19] Downloading update (53,516 of 664,432 KB)...
[2026-08-07 18:53:19] Set status message: Downloading update (53,516 of 664,432 KB)...
[  7%] Downloading update (53,516 of 664,432 KB)...
[2026-08-07 18:53:19] Set percent complete: 8
[2026-08-07 18:53:20] Downloading update (60,726 of 664,432 KB)...
[2026-08-07 18:53:20] Set status message: Downloading update (60,726 of 664,432 KB)...
[  8%] Downloading update (60,726 of 664,432 KB)...
[2026-08-07 18:53:20] Set percent complete: 9
[2026-08-07 18:53:20] Downloading update (68,237 of 664,432 KB)...
[2026-08-07 18:53:20] Set status message: Downloading update (68,237 of 664,432 KB)...
[  9%] Downloading update (68,237 of 664,432 KB)...
[2026-08-07 18:53:20] Set percent complete: 10
[2026-08-07 18:53:20] Downloading update (76,395 of 664,432 KB)...
[2026-08-07 18:53:20] Set status message: Downloading update (76,395 of 664,432 KB)...
[ 10%] Downloading update (76,395 of 664,432 KB)...
[2026-08-07 18:53:20] Set percent complete: 11
[2026-08-07 18:53:21] Downloading update (79,680 of 664,432 KB)...
[2026-08-07 18:53:21] Set status message: Downloading update (79,680 of 664,432 KB)...
[ 11%] Downloading update (79,680 of 664,432 KB)...
[2026-08-07 18:53:21] Set percent complete: 11
[2026-08-07 18:53:21] Downloading update (90,850 of 664,432 KB)...
[2026-08-07 18:53:21] Set status message: Downloading update (90,850 of 664,432 KB)...
[ 11%] Downloading update (90,850 of 664,432 KB)...
[2026-08-07 18:53:21] Set percent complete: 13
[2026-08-07 18:53:22] Downloading update (104,865 of 664,432 KB)...
[2026-08-07 18:53:22] Set status message: Downloading update (104,865 of 664,432 KB)...
[ 13%] Downloading update (104,865 of 664,432 KB)...
[2026-08-07 18:53:22] Set percent complete: 15
[2026-08-07 18:53:22] Downloading update (111,825 of 664,432 KB)...
[2026-08-07 18:53:22] Set status message: Downloading update (111,825 of 664,432 KB)...
[ 15%] Downloading update (111,825 of 664,432 KB)...
[2026-08-07 18:53:22] Set percent complete: 16
[2026-08-07 18:53:22] Downloading update (118,801 of 664,432 KB)...
[2026-08-07 18:53:22] Set status message: Downloading update (118,801 of 664,432 KB)...
[ 16%] Downloading update (118,801 of 664,432 KB)...
[2026-08-07 18:53:22] Set percent complete: 17
[2026-08-07 18:53:22] Downloading update (125,633 of 664,432 KB)...
[2026-08-07 18:53:22] Set status message: Downloading update (125,633 of 664,432 KB)...
[ 17%] Downloading update (125,633 of 664,432 KB)...
[2026-08-07 18:53:22] Set percent complete: 18
[2026-08-07 18:53:23] Downloading update (134,243 of 664,432 KB)...
[2026-08-07 18:53:23] Set status message: Downloading update (134,243 of 664,432 KB)...
[ 18%] Downloading update (134,243 of 664,432 KB)...
[2026-08-07 18:53:23] Set percent complete: 20
[2026-08-07 18:53:23] Downloading update (142,483 of 664,432 KB)...
[2026-08-07 18:53:23] Set status message: Downloading update (142,483 of 664,432 KB)...
[ 20%] Downloading update (142,483 of 664,432 KB)...
[2026-08-07 18:53:23] Set percent complete: 21
[2026-08-07 18:53:23] Downloading update (147,697 of 664,432 KB)...
[2026-08-07 18:53:23] Set status message: Downloading update (147,697 of 664,432 KB)...
[ 21%] Downloading update (147,697 of 664,432 KB)...
[2026-08-07 18:53:23] Set percent complete: 22
[2026-08-07 18:53:24] Downloading update (156,334 of 664,432 KB)...
[2026-08-07 18:53:24] Set status message: Downloading update (156,334 of 664,432 KB)...
[ 22%] Downloading update (156,334 of 664,432 KB)...
[2026-08-07 18:53:24] Set percent complete: 23
[2026-08-07 18:53:24] Downloading update (167,854 of 664,432 KB)...
[2026-08-07 18:53:24] Set status message: Downloading update (167,854 of 664,432 KB)...
[ 23%] Downloading update (167,854 of 664,432 KB)...
[2026-08-07 18:53:24] Set percent complete: 25
[2026-08-07 18:53:24] Downloading update (174,798 of 664,432 KB)...
[2026-08-07 18:53:24] Set status message: Downloading update (174,798 of 664,432 KB)...
[ 25%] Downloading update (174,798 of 664,432 KB)...
[2026-08-07 18:53:24] Set percent complete: 26
[2026-08-07 18:53:25] Downloading update (181,357 of 664,432 KB)...
[2026-08-07 18:53:25] Set status message: Downloading update (181,357 of 664,432 KB)...
[ 26%] Downloading update (181,357 of 664,432 KB)...
[2026-08-07 18:53:25] Set percent complete: 27
[2026-08-07 18:53:25] Downloading update (183,683 of 664,432 KB)...
[2026-08-07 18:53:25] Set status message: Downloading update (183,683 of 664,432 KB)...
[ 27%] Downloading update (183,683 of 664,432 KB)...
[2026-08-07 18:53:25] Set percent complete: 27
[2026-08-07 18:53:26] Downloading update (200,231 of 664,432 KB)...
[2026-08-07 18:53:26] Set status message: Downloading update (200,231 of 664,432 KB)...
[ 27%] Downloading update (200,231 of 664,432 KB)...
[2026-08-07 18:53:26] Set percent complete: 30
[2026-08-07 18:53:26] Downloading update (214,279 of 664,432 KB)...
[2026-08-07 18:53:26] Set status message: Downloading update (214,279 of 664,432 KB)...
[ 30%] Downloading update (214,279 of 664,432 KB)...
[2026-08-07 18:53:26] Set percent complete: 32
[2026-08-07 18:53:26] Downloading update (220,800 of 664,432 KB)...
[2026-08-07 18:53:26] Set status message: Downloading update (220,800 of 664,432 KB)...
[ 32%] Downloading update (220,800 of 664,432 KB)...
[2026-08-07 18:53:26] Set percent complete: 33
[2026-08-07 18:53:27] Downloading update (229,811 of 664,432 KB)...
[2026-08-07 18:53:27] Set status message: Downloading update (229,811 of 664,432 KB)...
[ 33%] Downloading update (229,811 of 664,432 KB)...
[2026-08-07 18:53:27] Set percent complete: 34
[2026-08-07 18:53:27] Downloading update (236,835 of 664,432 KB)...
[2026-08-07 18:53:27] Set status message: Downloading update (236,835 of 664,432 KB)...
[ 34%] Downloading update (236,835 of 664,432 KB)...
[2026-08-07 18:53:27] Set percent complete: 35
[2026-08-07 18:53:27] Downloading update (243,795 of 664,432 KB)...
[2026-08-07 18:53:27] Set status message: Downloading update (243,795 of 664,432 KB)...
[ 35%] Downloading update (243,795 of 664,432 KB)...
[2026-08-07 18:53:27] Set percent complete: 36
[2026-08-07 18:53:27] Downloading update (250,738 of 664,432 KB)...
[2026-08-07 18:53:27] Set status message: Downloading update (250,738 of 664,432 KB)...
[ 36%] Downloading update (250,738 of 664,432 KB)...
[2026-08-07 18:53:27] Set percent complete: 37
[2026-08-07 18:53:28] Downloading update (257,618 of 664,432 KB)...
[2026-08-07 18:53:28] Set status message: Downloading update (257,618 of 664,432 KB)...
[ 37%] Downloading update (257,618 of 664,432 KB)...
[2026-08-07 18:53:28] Set percent complete: 38
[2026-08-07 18:53:28] Downloading update (264,450 of 664,432 KB)...
[2026-08-07 18:53:28] Set status message: Downloading update (264,450 of 664,432 KB)...
[ 38%] Downloading update (264,450 of 664,432 KB)...
[2026-08-07 18:53:28] Set percent complete: 39
[2026-08-07 18:53:28] Downloading update (271,585 of 664,432 KB)...
[2026-08-07 18:53:28] Set status message: Downloading update (271,585 of 664,432 KB)...
[ 39%] Downloading update (271,585 of 664,432 KB)...
[2026-08-07 18:53:28] Set percent complete: 40
[2026-08-07 18:53:28] Downloading update (278,481 of 664,432 KB)...
[2026-08-07 18:53:28] Set status message: Downloading update (278,481 of 664,432 KB)...
[ 40%] Downloading update (278,481 of 664,432 KB)...
[2026-08-07 18:53:28] Set percent complete: 41
[2026-08-07 18:53:29] Downloading update (285,441 of 664,432 KB)...
[2026-08-07 18:53:29] Set status message: Downloading update (285,441 of 664,432 KB)...
[ 41%] Downloading update (285,441 of 664,432 KB)...
[2026-08-07 18:53:29] Set percent complete: 42
[2026-08-07 18:53:29] Downloading update (292,449 of 664,432 KB)...
[2026-08-07 18:53:29] Set status message: Downloading update (292,449 of 664,432 KB)...
[ 42%] Downloading update (292,449 of 664,432 KB)...
[2026-08-07 18:53:29] Set percent complete: 44
[2026-08-07 18:53:29] Downloading update (299,249 of 664,432 KB)...
[2026-08-07 18:53:29] Set status message: Downloading update (299,249 of 664,432 KB)...
[ 44%] Downloading update (299,249 of 664,432 KB)...
[2026-08-07 18:53:29] Set percent complete: 45
[2026-08-07 18:53:29] Downloading update (306,224 of 664,432 KB)...
[2026-08-07 18:53:29] Set status message: Downloading update (306,224 of 664,432 KB)...
[ 45%] Downloading update (306,224 of 664,432 KB)...
[2026-08-07 18:53:29] Set percent complete: 46
[2026-08-07 18:53:30] Downloading update (313,200 of 664,432 KB)...
[2026-08-07 18:53:30] Set status message: Downloading update (313,200 of 664,432 KB)...
[ 46%] Downloading update (313,200 of 664,432 KB)...
[2026-08-07 18:53:30] Set percent complete: 47
[2026-08-07 18:53:30] Downloading update (320,048 of 664,432 KB)...
[2026-08-07 18:53:30] Set status message: Downloading update (320,048 of 664,432 KB)...
[ 47%] Downloading update (320,048 of 664,432 KB)...
[2026-08-07 18:53:30] Set percent complete: 48
[2026-08-07 18:53:30] Downloading update (326,384 of 664,432 KB)...
[2026-08-07 18:53:30] Set status message: Downloading update (326,384 of 664,432 KB)...
[ 48%] Downloading update (326,384 of 664,432 KB)...
[2026-08-07 18:53:30] Set percent complete: 49
[2026-08-07 18:53:30] Downloading update (332,928 of 664,432 KB)...
[2026-08-07 18:53:30] Set status message: Downloading update (332,928 of 664,432 KB)...
[ 49%] Downloading update (332,928 of 664,432 KB)...
[2026-08-07 18:53:30] Set percent complete: 50
[2026-08-07 18:53:31] Downloading update (339,536 of 664,432 KB)...
[2026-08-07 18:53:31] Set status message: Downloading update (339,536 of 664,432 KB)...
[ 50%] Downloading update (339,536 of 664,432 KB)...
[2026-08-07 18:53:31] Set percent complete: 51
[2026-08-07 18:53:31] Downloading update (346,544 of 664,432 KB)...
[2026-08-07 18:53:31] Set status message: Downloading update (346,544 of 664,432 KB)...
[ 51%] Downloading update (346,544 of 664,432 KB)...
[2026-08-07 18:53:31] Set percent complete: 52
[2026-08-07 18:53:31] Downloading update (353,104 of 664,432 KB)...
[2026-08-07 18:53:31] Set status message: Downloading update (353,104 of 664,432 KB)...
[ 52%] Downloading update (353,104 of 664,432 KB)...
[2026-08-07 18:53:31] Set percent complete: 53
[2026-08-07 18:53:31] Downloading update (360,159 of 664,432 KB)...
[2026-08-07 18:53:31] Set status message: Downloading update (360,159 of 664,432 KB)...
[ 53%] Downloading update (360,159 of 664,432 KB)...
[2026-08-07 18:53:31] Set percent complete: 54
[2026-08-07 18:53:32] Downloading update (366,942 of 664,432 KB)...
[2026-08-07 18:53:32] Set status message: Downloading update (366,942 of 664,432 KB)...
[ 54%] Downloading update (366,942 of 664,432 KB)...
[2026-08-07 18:53:32] Set percent complete: 55
[2026-08-07 18:53:32] Downloading update (371,291 of 664,432 KB)...
[2026-08-07 18:53:32] Set status message: Downloading update (371,291 of 664,432 KB)...
[ 55%] Downloading update (371,291 of 664,432 KB)...
[2026-08-07 18:53:32] Set percent complete: 55
[2026-08-07 18:53:33] Downloading update (372,633 of 664,432 KB)...
[2026-08-07 18:53:33] Set status message: Downloading update (372,633 of 664,432 KB)...
[ 55%] Downloading update (372,633 of 664,432 KB)...
[2026-08-07 18:53:33] Set percent complete: 56
[2026-08-07 18:53:33] Downloading update (396,665 of 664,432 KB)...
[2026-08-07 18:53:33] Set status message: Downloading update (396,665 of 664,432 KB)...
[ 56%] Downloading update (396,665 of 664,432 KB)...
[2026-08-07 18:53:33] Set percent complete: 59
[2026-08-07 18:53:33] Downloading update (403,001 of 664,432 KB)...
[2026-08-07 18:53:33] Set status message: Downloading update (403,001 of 664,432 KB)...
[ 59%] Downloading update (403,001 of 664,432 KB)...
[2026-08-07 18:53:33] Set percent complete: 60
[2026-08-07 18:53:33] Downloading update (409,801 of 664,432 KB)...
[2026-08-07 18:53:33] Set status message: Downloading update (409,801 of 664,432 KB)...
[ 60%] Downloading update (409,801 of 664,432 KB)...
[2026-08-07 18:53:33] Set percent complete: 61
[2026-08-07 18:53:34] Downloading update (416,427 of 664,432 KB)...
[2026-08-07 18:53:34] Set status message: Downloading update (416,427 of 664,432 KB)...
[ 61%] Downloading update (416,427 of 664,432 KB)...
[2026-08-07 18:53:34] Set percent complete: 62
[2026-08-07 18:53:34] Downloading update (422,715 of 664,432 KB)...
[2026-08-07 18:53:34] Set status message: Downloading update (422,715 of 664,432 KB)...
[ 62%] Downloading update (422,715 of 664,432 KB)...
[2026-08-07 18:53:34] Set percent complete: 63
[2026-08-07 18:53:34] Downloading update (428,073 of 664,432 KB)...
[2026-08-07 18:53:34] Set status message: Downloading update (428,073 of 664,432 KB)...
[ 63%] Downloading update (428,073 of 664,432 KB)...
[2026-08-07 18:53:34] Set percent complete: 64
[2026-08-07 18:53:34] Downloading update (432,297 of 664,432 KB)...
[2026-08-07 18:53:34] Set status message: Downloading update (432,297 of 664,432 KB)...
[ 64%] Downloading update (432,297 of 664,432 KB)...
[2026-08-07 18:53:34] Set percent complete: 65
[2026-08-07 18:53:35] Downloading update (436,841 of 664,432 KB)...
[2026-08-07 18:53:35] Set status message: Downloading update (436,841 of 664,432 KB)...
[ 65%] Downloading update (436,841 of 664,432 KB)...
[2026-08-07 18:53:35] Set percent complete: 65
[2026-08-07 18:53:35] Downloading update (439,727 of 664,432 KB)...
[2026-08-07 18:53:35] Set status message: Downloading update (439,727 of 664,432 KB)...
[ 65%] Downloading update (439,727 of 664,432 KB)...
[2026-08-07 18:53:35] Set percent complete: 66
[2026-08-07 18:53:36] Downloading update (440,127 of 664,432 KB)...
[2026-08-07 18:53:36] Set status message: Downloading update (440,127 of 664,432 KB)...
[ 66%] Downloading update (440,127 of 664,432 KB)...
[2026-08-07 18:53:36] Set percent complete: 66
[2026-08-07 18:53:37] Downloading update (468,975 of 664,432 KB)...
[2026-08-07 18:53:37] Set status message: Downloading update (468,975 of 664,432 KB)...
[ 66%] Downloading update (468,975 of 664,432 KB)...
[2026-08-07 18:53:37] Set percent complete: 70
[2026-08-07 18:53:38] Downloading update (493,179 of 664,432 KB)...
[2026-08-07 18:53:38] Set status message: Downloading update (493,179 of 664,432 KB)...
[ 70%] Downloading update (493,179 of 664,432 KB)...
[2026-08-07 18:53:38] Set percent complete: 74
[2026-08-07 18:53:38] Downloading update (501,969 of 664,432 KB)...
[2026-08-07 18:53:38] Set status message: Downloading update (501,969 of 664,432 KB)...
[ 74%] Downloading update (501,969 of 664,432 KB)...
[2026-08-07 18:53:38] Set percent complete: 75
[2026-08-07 18:53:38] Downloading update (511,185 of 664,432 KB)...
[2026-08-07 18:53:38] Set status message: Downloading update (511,185 of 664,432 KB)...
[ 75%] Downloading update (511,185 of 664,432 KB)...
[2026-08-07 18:53:38] Set percent complete: 76
[2026-08-07 18:53:39] Downloading update (517,985 of 664,432 KB)...
[2026-08-07 18:53:39] Set status message: Downloading update (517,985 of 664,432 KB)...
[ 76%] Downloading update (517,985 of 664,432 KB)...
[2026-08-07 18:53:39] Set percent complete: 77
[2026-08-07 18:53:39] Downloading update (525,383 of 664,432 KB)...
[2026-08-07 18:53:39] Set status message: Downloading update (525,383 of 664,432 KB)...
[ 77%] Downloading update (525,383 of 664,432 KB)...
[2026-08-07 18:53:39] Set percent complete: 79
[2026-08-07 18:53:39] Downloading update (532,887 of 664,432 KB)...
[2026-08-07 18:53:39] Set status message: Downloading update (532,887 of 664,432 KB)...
[ 79%] Downloading update (532,887 of 664,432 KB)...
[2026-08-07 18:53:39] Set percent complete: 80
[2026-08-07 18:53:39] Downloading update (538,391 of 664,432 KB)...
[2026-08-07 18:53:39] Set status message: Downloading update (538,391 of 664,432 KB)...
[ 80%] Downloading update (538,391 of 664,432 KB)...
[2026-08-07 18:53:39] Set percent complete: 81
[2026-08-07 18:53:40] Downloading update (544,327 of 664,432 KB)...
[2026-08-07 18:53:40] Set status message: Downloading update (544,327 of 664,432 KB)...
[ 81%] Downloading update (544,327 of 664,432 KB)...
[2026-08-07 18:53:40] Set percent complete: 81
[2026-08-07 18:53:40] Downloading update (550,407 of 664,432 KB)...
[2026-08-07 18:53:40] Set status message: Downloading update (550,407 of 664,432 KB)...
[ 81%] Downloading update (550,407 of 664,432 KB)...
[2026-08-07 18:53:40] Set percent complete: 82
[2026-08-07 18:53:40] Downloading update (552,920 of 664,432 KB)...
[2026-08-07 18:53:40] Set status message: Downloading update (552,920 of 664,432 KB)...
[ 82%] Downloading update (552,920 of 664,432 KB)...
[2026-08-07 18:53:40] Set percent complete: 83
[2026-08-07 18:53:41] Downloading update (555,640 of 664,432 KB)...
[2026-08-07 18:53:41] Set status message: Downloading update (555,640 of 664,432 KB)...
[ 83%] Downloading update (555,640 of 664,432 KB)...
[2026-08-07 18:53:41] Set percent complete: 83
[2026-08-07 18:53:41] Downloading update (580,272 of 664,432 KB)...
[2026-08-07 18:53:41] Set status message: Downloading update (580,272 of 664,432 KB)...
[ 83%] Downloading update (580,272 of 664,432 KB)...
[2026-08-07 18:53:41] Set percent complete: 87
[2026-08-07 18:53:42] Downloading update (590,334 of 664,432 KB)...
[2026-08-07 18:53:42] Set status message: Downloading update (590,334 of 664,432 KB)...
[ 87%] Downloading update (590,334 of 664,432 KB)...
[2026-08-07 18:53:42] Set percent complete: 88
[2026-08-07 18:53:42] Downloading update (597,246 of 664,432 KB)...
[2026-08-07 18:53:42] Set status message: Downloading update (597,246 of 664,432 KB)...
[ 88%] Downloading update (597,246 of 664,432 KB)...
[2026-08-07 18:53:42] Set percent complete: 89
[2026-08-07 18:53:42] Downloading update (605,038 of 664,432 KB)...
[2026-08-07 18:53:42] Set status message: Downloading update (605,038 of 664,432 KB)...
[ 89%] Downloading update (605,038 of 664,432 KB)...
[2026-08-07 18:53:42] Set percent complete: 91
[2026-08-07 18:53:43] Downloading update (610,505 of 664,432 KB)...
[2026-08-07 18:53:43] Set status message: Downloading update (610,505 of 664,432 KB)...
[ 91%] Downloading update (610,505 of 664,432 KB)...
[2026-08-07 18:53:43] Set percent complete: 91
[2026-08-07 18:53:43] Downloading update (618,041 of 664,432 KB)...
[2026-08-07 18:53:43] Set status message: Downloading update (618,041 of 664,432 KB)...
[ 91%] Downloading update (618,041 of 664,432 KB)...
[2026-08-07 18:53:43] Set percent complete: 93
[2026-08-07 18:53:43] Downloading update (621,641 of 664,432 KB)...
[2026-08-07 18:53:43] Set status message: Downloading update (621,641 of 664,432 KB)...
[ 93%] Downloading update (621,641 of 664,432 KB)...
[2026-08-07 18:53:43] Set percent complete: 93
[2026-08-07 18:53:43] Downloading update (625,689 of 664,432 KB)...
[2026-08-07 18:53:43] Set status message: Downloading update (625,689 of 664,432 KB)...
[ 93%] Downloading update (625,689 of 664,432 KB)...
[2026-08-07 18:53:43] Set percent complete: 94
[2026-08-07 18:53:44] Downloading update (630,233 of 664,432 KB)...
[2026-08-07 18:53:44] Set status message: Downloading update (630,233 of 664,432 KB)...
[ 94%] Downloading update (630,233 of 664,432 KB)...
[2026-08-07 18:53:44] Set percent complete: 94
[2026-08-07 18:53:44] Downloading update (634,953 of 664,432 KB)...
[2026-08-07 18:53:44] Set status message: Downloading update (634,953 of 664,432 KB)...
[ 94%] Downloading update (634,953 of 664,432 KB)...
[2026-08-07 18:53:44] Set percent complete: 95
[2026-08-07 18:53:44] Downloading update (640,249 of 664,432 KB)...
[2026-08-07 18:53:44] Set status message: Downloading update (640,249 of 664,432 KB)...
[ 95%] Downloading update (640,249 of 664,432 KB)...
[2026-08-07 18:53:44] Set percent complete: 96
[2026-08-07 18:53:44] Downloading update (645,352 of 664,432 KB)...
[2026-08-07 18:53:44] Set status message: Downloading update (645,352 of 664,432 KB)...
[ 96%] Downloading update (645,352 of 664,432 KB)...
[2026-08-07 18:53:44] Set percent complete: 97
[2026-08-07 18:53:45] Downloading update (651,048 of 664,432 KB)...
[2026-08-07 18:53:45] Set status message: Downloading update (651,048 of 664,432 KB)...
[ 97%] Downloading update (651,048 of 664,432 KB)...
[2026-08-07 18:53:45] Set percent complete: 97
[2026-08-07 18:53:45] Downloading update (657,368 of 664,432 KB)...
[2026-08-07 18:53:45] Set status message: Downloading update (657,368 of 664,432 KB)...
[ 97%] Downloading update (657,368 of 664,432 KB)...
[2026-08-07 18:53:45] Set percent complete: 98
[2026-08-07 18:53:45] Downloading update (660,218 of 664,432 KB)...
[2026-08-07 18:53:45] Set status message: Downloading update (660,218 of 664,432 KB)...
[ 98%] Downloading update (660,218 of 664,432 KB)...
[2026-08-07 18:53:45] Set percent complete: 99
[2026-08-07 18:53:46] Downloading update (661,706 of 664,432 KB)...
[2026-08-07 18:53:46] Set status message: Downloading update (661,706 of 664,432 KB)...
[ 99%] Downloading update (661,706 of 664,432 KB)...
[2026-08-07 18:53:46] Set percent complete: 99
[2026-08-07 18:53:47] Downloading update (664,432 of 664,432 KB)...
[2026-08-07 18:53:47] Set status message: Downloading update (664,432 of 664,432 KB)...
[ 99%] Downloading update (664,432 of 664,432 KB)...
[2026-08-07 18:53:47] Set percent complete: 100
[2026-08-07 18:53:47] Download Complete.
[2026-08-07 18:53:47] Set status message: Download Complete.
[100%] Download Complete.
[2026-08-07 18:53:47] Saving metrics to disk (/data/data/com.termux/files/home/steam-arm64/client/package/steam_client_metrics.bin)
[2026-08-07 18:53:47] uninstalled manifest found in /data/data/com.termux/files/home/steam-arm64/client/package/steam_client_linuxarm64 (1).
[2026-08-07 18:53:47] Set percent complete: -1
[2026-08-07 18:53:48] Extracting package...
[2026-08-07 18:53:48] Set status message: Extracting package...
[----] Extracting package...
