Starting native ARM64 Steam on DISPLAY=:0
Log: /data/data/com.termux/files/home/steam-arm64/logs/steam-20260807-151218.log
CProcessEnvironmentManager is ready, 5 preallocated environment variables.
[2026-08-07 22:12:20] Startup - updater built Aug  3 2026 19:41:13
[2026-08-07 22:12:20] Startup - Steam Client launched with: '/data/data/com.termux/files/home/steam-arm64/client/steamrtarm64/steam' '-no-cef-sandbox' '-noverifyfiles'
08/07 22:12:20 minidumps folder is set to /tmp/dumps
08/07 22:12:20 Init: Installing breakpad exception handler for appid(steam)/version(1785799196)/tid(23082)
Looks like steam didn't shutdown cleanly, scheduling immediate update check
CProcessEnvironmentManager is ready, 5 preallocated environment variables.
[2026-08-07 22:12:20] Loading cached metrics from disk (/data/data/com.termux/files/home/steam-arm64/client/package/steam_client_metrics.bin)
[2026-08-07 22:12:20] Process started with command-line: '/data/data/com.termux/files/home/steam-arm64/client/steamrtarm64/steam' '-child-update-ui' '-child-update-ui-socket' '10' '-no-cef-sandbox' '-noverifyfiles'
[2026-08-07 22:12:20] Failed to load cached hosts file (File 'update_hosts_cached.vdf' not found), using defaults
[2026-08-07 22:12:20] Using the following download hosts for Public, Realm steamglobal
[2026-08-07 22:12:20] 1. https://client-update.steamstatic.com, /, Realm 'steamglobal', weight was 1, source = 'baked in'
[2026-08-07 22:12:20] Checking for update on startup
08/07 22:12:20 minidumps folder is set to /tmp/dumps
[2026-08-07 22:12:20] Checking for available updates...
[2026-08-07 22:12:20] Downloading manifest: https://client-update.steamstatic.com/steam_client_linuxarm64
[2026-08-07 22:12:20] Manifest download: send request
[2026-08-07 22:12:20] Using update UI: console
08/07 22:12:20 Init: Installing breakpad exception handler for appid(steam)/version(0)/tid(23089)
[2026-08-07 22:12:20] Create window
[2026-08-07 22:12:20] Set percent complete: 0
[2026-08-07 22:12:20] Set status message: Checking for available updates...
[  0%] Checking for available updates...
[2026-08-07 22:12:20] Set percent complete: -1
[2026-08-07 22:12:20] Manifest download: waiting for download to finish
[2026-08-07 22:12:20] Manifest download: finished
[2026-08-07 22:12:20] Download skipped: /steam_client_linuxarm64 version 1785799196, installed version 1785799196, existing pending version 0
[2026-08-07 22:12:20] Nothing to do
[2026-08-07 22:12:20] Verifying installation...
[2026-08-07 22:12:20] Verification skipped
[2026-08-07 22:12:20] Verification complete
[2026-08-07 22:12:20] Set percent complete: -1
UpdateUI: skip show logo
[2026-08-07 22:12:20] Set status message: Verifying installation...
[----] Verifying installation...
[2026-08-07 22:12:20] Destroy window
[2026-08-07 22:12:21] ProcessNextMessage: socket disconnected

Steam logging initialized: directory: /data/data/com.termux/files/home/steam-arm64/client/logs

[2026-08-07 22:12:21] No more messages are expected - exiting
XOpenIM() failed, LANG = C.UTF-8
XOpenIM() failed, LANG = C.UTF-8sh: 1: lspci: Operation not permitted
XRRGetOutputInfo Workaround: initialized with override: 0 real: (nil)
Error: XRRGetOutputInfo() is not available
MESA-LOADER: failed to retrieve device information
os_same_file_description couldn't determine if two DRM fds reference the same file description. (Function not implemented)
Let's just assume that file descriptors for the same file probablyshare the file description instead. This may cause problems whenthat isn't the case.
08/07 22:12:22 minidumps folder is set to /tmp/dumps
08/07 22:12:22 Init: Installing breakpad exception handler for appid(steamsysinfo)/version(1785799196)/tid(23104)
Running query: 1 - GpuTopology
Response: gpu_topology {
  gpus {
    id: 1
    name: "Turnip Adreno (TM) 730"
    vram_size_bytes: 5734662144
    driver_id: k_EGpuDriverId_MesaTurnip
    driver_version_major: 26
    driver_version_minor: 1
    driver_version_patch: 99
    luid: 0
  }
  default_gpu_id: 1
}

Exit code: 0
Saving response to: /tmp/steamMnlpao - 48 bytes
sh: 1: lspci: Operation not permitted
Error: XRRGetOutputInfo() is not available
MESA-LOADER: failed to retrieve device information
setting LIBGL_KOPPER_DISABLE=true for steamwebhelper to get store working properly
MESA-LOADER: failed to retrieve device information
Steam Runtime Launch Service: starting steam-runtime-launcher-service
Steam Runtime Launch Service: steam-runtime-launcher-service is running pid 23153
sh: 1: exec: steam-runtime-launcher-service: not found
DetectUsbEntities: udev_enumerate_scan_devices failed

DetectUsbEntities: udev_enumerate_scan_devices failed
MESA-LOADER: failed to retrieve device information
Steam Runtime Launch Service: steam-runtime-launcher-service pid 23153 exited
Steam Runtime Launch Service: steam-runtime-launcher-service possible problem, disabling
/bin/sh: 1: /data/data/com.termux/files/home/steam-arm64/client/steamrtarm64/../steamrtarm32/gldriverquery: not found
/bin/sh: 1: /data/data/com.termux/files/home/steam-arm64/client/steamrtarm64/../steamrtarm32/vulkandriverquery: not found
DetectUsbEntities: udev_enumerate_scan_devices failed

DetectUsbEntities: udev_enumerate_scan_devices failed
src/common/linuxhelpers.cpp (570) : Assertion Failed: lsof reported an unexpected address: n127.0.0.1

src/common/linuxhelpers.cpp (570) : Assertion Failed: lsof reported an unexpected address: n127.0.0.1

src/common/linuxhelpers.cpp (570) : Assertion Failed: lsof reported an unexpected address: n127.0.0.1

src/common/linuxhelpers.cpp (570) : Assertion Failed: lsof reported an unexpected address: n127.0.0.1

/data/src/common/linuxhelpers.cpp 570 Assertion Failed: lsof reported an unexpected address: n127.0.0.1
reaping pid: 23088 -- sh
src/steamUI/webuitransportcontroller.cpp (175) : Failed to connect to websocket
src/steamUI/webuitransportcontroller.cpp (175) : Failed to connect to websocket
/data/src/steamUI/webuitransportcontroller.cpp 175 Failed to connect to websocketsetting LIBGL_KOPPER_DISABLE=true for steamwebhelper to get store working properly
[2026-08-07 22:14:26] Background update loop checking for update. . .
[2026-08-07 22:14:27] Checking for available updates...
[2026-08-07 22:14:27] Downloading manifest: https://client-update.steamstatic.com/steam_client_linuxarm64
[2026-08-07 22:14:27] Manifest download: send request
[2026-08-07 22:14:27] Manifest download: waiting for download to finish
[2026-08-07 22:14:27] Manifest download: finished
[2026-08-07 22:14:27] Download skipped by HTTP 304 Not Modified
[2026-08-07 22:14:27] Nothing to do
reaping pid: 23118 -- steamwebhelper
setting LIBGL_KOPPER_DISABLE=true for steamwebhelper to get store working properly
setting LIBGL_KOPPER_DISABLE=true for steamwebhelper to get store working properly
sh: 1: lsb_release: not found
sh: 1: lsb_release: not found
Unable to read VR Path Registry from /root/steam-arm/.config/openvr/openvrpaths.vrpath
Desktop state changed: desktop: { pos:    0,   0 size: 2800,1586 } primary: { pos:    0,   0 size: 2800,1586 }
Caching cursor image for , size 64x64, serial 7, cache size = 0
MESA-LOADER: failed to retrieve device information
sh: 1: lsb_release: not found
sh: 1: lspci: Operation not permitted
Error: XRRGetOutputInfo() is not available
MESA-LOADER: failed to retrieve device information
sh: 1: lsb_release: not found
